[15-Jul-2025 16:56:22 Europe/Berlin] Login attempt for user: admin
[15-Jul-2025 16:56:22 Europe/Berlin] User found: admin
[15-Jul-2025 16:56:22 Europe/Berlin] Password verified for user: admin
[15-Jul-2025 17:31:17 Europe/Berlin] Login attempt for user: admin
[15-Jul-2025 17:31:17 Europe/Berlin] User found: admin
[15-Jul-2025 17:31:17 Europe/Berlin] Password verified for user: admin
[15-Jul-2025 17:32:22 Europe/Berlin] Login attempt for user: admin
[15-Jul-2025 17:32:22 Europe/Berlin] User found: admin
[15-Jul-2025 17:32:22 Europe/Berlin] Password verified for user: admin
[15-Jul-2025 18:36:10 Europe/Berlin] Login attempt for user: admin
[15-Jul-2025 18:36:10 Europe/Berlin] User found: admin
[15-Jul-2025 18:36:10 Europe/Berlin] Password verified for user: admin
[15-Jul-2025 18:39:28 Europe/Berlin] Login attempt for user: admin
[15-Jul-2025 18:39:28 Europe/Berlin] User found: admin
[15-Jul-2025 18:39:28 Europe/Berlin] Password verified for user: admin
[15-Jul-2025 18:39:37 Europe/Berlin] Login attempt for user: pedro
[15-Jul-2025 18:39:37 Europe/Berlin] User found: pedro
[15-Jul-2025 18:39:37 Europe/Berlin] Password verified for user: pedro
[15-Jul-2025 18:45:20 Europe/Berlin] Login attempt for user: admin
[15-Jul-2025 18:45:20 Europe/Berlin] User found: admin
[15-Jul-2025 18:45:20 Europe/Berlin] Password verified for user: admin
[15-Jul-2025 18:45:40 Europe/Berlin] Login attempt for user: pedro
[15-Jul-2025 18:45:40 Europe/Berlin] User found: pedro
[15-Jul-2025 18:45:40 Europe/Berlin] Password verified for user: pedro
[15-Jul-2025 18:47:06 Europe/Berlin] Login attempt for user: admin
[15-Jul-2025 18:47:06 Europe/Berlin] User found: admin
[15-Jul-2025 18:47:06 Europe/Berlin] Password verified for user: admin
[15-Jul-2025 18:48:06 Europe/Berlin] Login attempt for user: pedro
[15-Jul-2025 18:48:06 Europe/Berlin] User found: pedro
[15-Jul-2025 18:48:06 Europe/Berlin] Password verified for user: pedro
[15-Jul-2025 18:48:15 Europe/Berlin] Login attempt for user: admin
[15-Jul-2025 18:48:15 Europe/Berlin] User found: admin
[15-Jul-2025 18:48:15 Europe/Berlin] Password verified for user: admin
[15-Jul-2025 19:20:39 Europe/Berlin] Login attempt for user: admin
[15-Jul-2025 19:20:39 Europe/Berlin] User found: admin
[15-Jul-2025 19:20:39 Europe/Berlin] Password verified for user: admin
[15-Jul-2025 19:29:58 Europe/Berlin] Login attempt for user: admin
[15-Jul-2025 19:29:58 Europe/Berlin] User found: admin
[15-Jul-2025 19:29:58 Europe/Berlin] Password verified for user: admin
[15-Jul-2025 19:33:16 Europe/Berlin] Login attempt for user: admin
[15-Jul-2025 19:33:16 Europe/Berlin] User found: admin
[15-Jul-2025 19:33:16 Europe/Berlin] Password verified for user: admin
[15-Jul-2025 19:46:24 Europe/Berlin] Login attempt for user: admin
[15-Jul-2025 19:46:24 Europe/Berlin] User found: admin
[15-Jul-2025 19:46:24 Europe/Berlin] Password verified for user: admin
[15-Jul-2025 19:49:03 Europe/Berlin] Login attempt for user: admin
[15-Jul-2025 19:49:03 Europe/Berlin] User found: admin
[15-Jul-2025 19:49:03 Europe/Berlin] Password verified for user: admin
[15-Jul-2025 20:01:59 Europe/Berlin] Login attempt for user: admin
[15-Jul-2025 20:01:59 Europe/Berlin] User found: admin
[15-Jul-2025 20:01:59 Europe/Berlin] Login failed: Incorrect password for user: admin
[15-Jul-2025 20:02:03 Europe/Berlin] Login attempt for user: admin
[15-Jul-2025 20:02:03 Europe/Berlin] User found: admin
[15-Jul-2025 20:02:03 Europe/Berlin] Password verified for user: admin
[15-Jul-2025 20:05:21 Europe/Berlin] Login attempt for user: admin
[15-Jul-2025 20:05:21 Europe/Berlin] User found: admin
[15-Jul-2025 20:05:21 Europe/Berlin] Password verified for user: admin
[15-Jul-2025 20:08:16 Europe/Berlin] Login attempt for user: admin
[15-Jul-2025 20:08:16 Europe/Berlin] User found: admin
[15-Jul-2025 20:08:16 Europe/Berlin] Password verified for user: admin
[15-Jul-2025 20:08:36 Europe/Berlin] Login attempt for user: admin
[15-Jul-2025 20:08:36 Europe/Berlin] User found: admin
[15-Jul-2025 20:08:36 Europe/Berlin] Password verified for user: admin
[15-Jul-2025 20:15:49 Europe/Berlin] Login attempt for user: admin
[15-Jul-2025 20:15:49 Europe/Berlin] User found: admin
[15-Jul-2025 20:15:49 Europe/Berlin] Password verified for user: admin
[15-Jul-2025 20:20:03 Europe/Berlin] Login attempt for user: admin
[15-Jul-2025 20:20:03 Europe/Berlin] User found: admin
[15-Jul-2025 20:20:03 Europe/Berlin] Password verified for user: admin
[15-Jul-2025 20:28:15 Europe/Berlin] Login attempt for user: admin
[15-Jul-2025 20:28:15 Europe/Berlin] User found: admin
[15-Jul-2025 20:28:15 Europe/Berlin] Password verified for user: admin
[15-Jul-2025 20:29:11 Europe/Berlin] Login attempt for user: pedro
[15-Jul-2025 20:29:11 Europe/Berlin] User found: pedro
[15-Jul-2025 20:29:11 Europe/Berlin] Password verified for user: pedro
[15-Jul-2025 20:29:30 Europe/Berlin] Login attempt for user: admin
[15-Jul-2025 20:29:30 Europe/Berlin] User found: admin
[15-Jul-2025 20:29:30 Europe/Berlin] Password verified for user: admin
[15-Jul-2025 20:34:04 Europe/Berlin] Login attempt for user: pedro
[15-Jul-2025 20:34:04 Europe/Berlin] User found: pedro
[15-Jul-2025 20:34:04 Europe/Berlin] Password verified for user: pedro
[15-Jul-2025 20:43:24 Europe/Berlin] Login attempt for user: pedro
[15-Jul-2025 20:43:24 Europe/Berlin] User found: pedro
[15-Jul-2025 20:43:24 Europe/Berlin] Password verified for user: pedro
[15-Jul-2025 20:43:56 Europe/Berlin] Login attempt for user: admin
[15-Jul-2025 20:43:56 Europe/Berlin] User found: admin
[15-Jul-2025 20:43:56 Europe/Berlin] Password verified for user: admin
[15-Jul-2025 20:44:30 Europe/Berlin] Login attempt for user: pedro
[15-Jul-2025 20:44:30 Europe/Berlin] User found: pedro
[15-Jul-2025 20:44:30 Europe/Berlin] Password verified for user: pedro
[15-Jul-2025 20:48:59 Europe/Berlin] Login attempt for user: pedro
[15-Jul-2025 20:48:59 Europe/Berlin] User found: pedro
[15-Jul-2025 20:48:59 Europe/Berlin] Password verified for user: pedro
[15-Jul-2025 20:50:33 Europe/Berlin] Login attempt for user: pedro
[15-Jul-2025 20:50:33 Europe/Berlin] User found: pedro
[15-Jul-2025 20:50:33 Europe/Berlin] Password verified for user: pedro
[15-Jul-2025 20:50:51 Europe/Berlin] Login attempt for user: admina
[15-Jul-2025 20:50:51 Europe/Berlin] Login failed: User not found: admina
[15-Jul-2025 20:50:56 Europe/Berlin] Login attempt for user: admina
[15-Jul-2025 20:50:56 Europe/Berlin] Login failed: User not found: admina
[15-Jul-2025 20:50:57 Europe/Berlin] Login attempt for user: admina
[15-Jul-2025 20:50:57 Europe/Berlin] Login failed: User not found: admina
[15-Jul-2025 20:51:00 Europe/Berlin] Login attempt for user: admin
[15-Jul-2025 20:51:00 Europe/Berlin] User found: admin
[15-Jul-2025 20:51:00 Europe/Berlin] Password verified for user: admin
[15-Jul-2025 20:51:34 Europe/Berlin] Login attempt for user: pedro
[15-Jul-2025 20:51:34 Europe/Berlin] User found: pedro
[15-Jul-2025 20:51:34 Europe/Berlin] Password verified for user: pedro
[15-Jul-2025 20:52:44 Europe/Berlin] Login attempt for user: pedro
[15-Jul-2025 20:52:44 Europe/Berlin] User found: pedro
[15-Jul-2025 20:52:44 Europe/Berlin] Password verified for user: pedro
[15-Jul-2025 20:58:58 Europe/Berlin] Login attempt for user: admin
[15-Jul-2025 20:58:58 Europe/Berlin] User found: admin
[15-Jul-2025 20:58:58 Europe/Berlin] Password verified for user: admin
[15-Jul-2025 20:59:40 Europe/Berlin] Login attempt for user: pedro
[15-Jul-2025 20:59:40 Europe/Berlin] User found: pedro
[15-Jul-2025 20:59:40 Europe/Berlin] Password verified for user: pedro
[15-Jul-2025 21:01:50 Europe/Berlin] Login attempt for user: adminad
[15-Jul-2025 21:01:50 Europe/Berlin] Login failed: User not found: adminad
[15-Jul-2025 21:01:55 Europe/Berlin] Login attempt for user: admin
[15-Jul-2025 21:01:55 Europe/Berlin] User found: admin
[15-Jul-2025 21:01:55 Europe/Berlin] Password verified for user: admin
[15-Jul-2025 21:04:47 Europe/Berlin] Login attempt for user: admin
[15-Jul-2025 21:04:47 Europe/Berlin] User found: admin
[15-Jul-2025 21:04:47 Europe/Berlin] Password verified for user: admin
[15-Jul-2025 21:05:58 Europe/Berlin] Login attempt for user: pedro
[15-Jul-2025 21:05:58 Europe/Berlin] User found: pedro
[15-Jul-2025 21:05:58 Europe/Berlin] Password verified for user: pedro
[15-Jul-2025 21:08:23 Europe/Berlin] Login attempt for user: admin
[15-Jul-2025 21:08:23 Europe/Berlin] User found: admin
[15-Jul-2025 21:08:23 Europe/Berlin] Password verified for user: admin
[15-Jul-2025 21:08:37 Europe/Berlin] Login attempt for user: pedro
[15-Jul-2025 21:08:37 Europe/Berlin] User found: pedro
[15-Jul-2025 21:08:37 Europe/Berlin] Password verified for user: pedro
[15-Jul-2025 21:13:33 Europe/Berlin] Login attempt for user: admin
[15-Jul-2025 21:13:33 Europe/Berlin] User found: admin
[15-Jul-2025 21:13:33 Europe/Berlin] Password verified for user: admin
[16-Jul-2025 16:59:53 Europe/Berlin] Login attempt for user: admin
[16-Jul-2025 16:59:53 Europe/Berlin] User found: admin
[16-Jul-2025 16:59:54 Europe/Berlin] Password verified for user: admin
[16-Jul-2025 17:00:18 Europe/Berlin] Login attempt for user: pedro
[16-Jul-2025 17:00:18 Europe/Berlin] User found: pedro
[16-Jul-2025 17:00:18 Europe/Berlin] Password verified for user: pedro
[16-Jul-2025 17:00:54 Europe/Berlin] Login attempt for user: pedro
[16-Jul-2025 17:00:54 Europe/Berlin] User found: pedro
[16-Jul-2025 17:00:54 Europe/Berlin] Password verified for user: pedro
[16-Jul-2025 17:01:30 Europe/Berlin] Login attempt for user: admin
[16-Jul-2025 17:01:30 Europe/Berlin] User found: admin
[16-Jul-2025 17:01:30 Europe/Berlin] Password verified for user: admin
[16-Jul-2025 18:01:08 Europe/Berlin] Login attempt for user: pedro
[16-Jul-2025 18:01:08 Europe/Berlin] User found: pedro
[16-Jul-2025 18:01:08 Europe/Berlin] Password verified for user: pedro
[16-Jul-2025 18:04:05 Europe/Berlin] Login attempt for user: admin
[16-Jul-2025 18:04:05 Europe/Berlin] User found: admin
[16-Jul-2025 18:04:05 Europe/Berlin] Password verified for user: admin
[16-Jul-2025 18:04:40 Europe/Berlin] Login attempt for user: admin
[16-Jul-2025 18:04:40 Europe/Berlin] User found: admin
[16-Jul-2025 18:04:40 Europe/Berlin] Password verified for user: admin
[16-Jul-2025 18:05:39 Europe/Berlin] Login attempt for user: admin
[16-Jul-2025 18:05:39 Europe/Berlin] User found: admin
[16-Jul-2025 18:05:39 Europe/Berlin] Password verified for user: admin
[16-Jul-2025 18:05:43 Europe/Berlin] Login attempt for user: pedro
[16-Jul-2025 18:05:43 Europe/Berlin] User found: pedro
[16-Jul-2025 18:05:43 Europe/Berlin] Password verified for user: pedro
[16-Jul-2025 18:09:45 Europe/Berlin] Login attempt for user: pedro
[16-Jul-2025 18:09:45 Europe/Berlin] User found: pedro
[16-Jul-2025 18:09:46 Europe/Berlin] Password verified for user: pedro
[16-Jul-2025 18:10:24 Europe/Berlin] Login attempt for user: pedro
[16-Jul-2025 18:10:24 Europe/Berlin] User found: pedro
[16-Jul-2025 18:10:24 Europe/Berlin] Password verified for user: pedro
[16-Jul-2025 18:10:32 Europe/Berlin] Login attempt for user: admin
[16-Jul-2025 18:10:32 Europe/Berlin] User found: admin
[16-Jul-2025 18:10:32 Europe/Berlin] Password verified for user: admin
[16-Jul-2025 18:10:59 Europe/Berlin] Login attempt for user: pedro
[16-Jul-2025 18:10:59 Europe/Berlin] User found: pedro
[16-Jul-2025 18:10:59 Europe/Berlin] Password verified for user: pedro
[16-Jul-2025 19:04:13 Europe/Berlin] Login attempt for user: admin
[16-Jul-2025 19:04:13 Europe/Berlin] User found: admin
[16-Jul-2025 19:04:13 Europe/Berlin] Password verified for user: admin
[16-Jul-2025 19:08:28 Europe/Berlin] Login attempt for user: admin
[16-Jul-2025 19:08:28 Europe/Berlin] User found: admin
[16-Jul-2025 19:08:28 Europe/Berlin] Password verified for user: admin
[16-Jul-2025 19:55:57 Europe/Berlin] Login attempt for user: admin
[16-Jul-2025 19:55:57 Europe/Berlin] User found: admin
[16-Jul-2025 19:55:57 Europe/Berlin] Password verified for user: admin
